HF_HOME is set to /projects/bdrx/azhang14/huggingface_cache
Starting temperature 0 on GPU 0
INFO 11-29 11:33:59 [__init__.py:244] Automatically detected platform cuda.
Loading model...
INFO 11-29 11:36:24 [__init__.py:244] Automatically detected platform cuda.
Model loaded successfully.
[0.0] [0.95, 1.0]
<class 'list'> <class 'list'>
Running evaluation for task: custom|aime24|0|0, temperature: 0.0, top_p: 0.95, num_seeds: 16

---> Starting run: seed=0 (1/16)
Results will be saved
EvaluationTracker initialized with output directory
PipelineParameters set
Pipeline initialized
|     Task      |Version|     Metric     |Value |   |Stderr|
|---------------|------:|----------------|-----:|---|-----:|
|all            |       |extractive_match|0.3667|±  |0.0895|
|custom:aime24:0|      1|extractive_match|0.3667|±  |0.0895|

Finished run for all seeds

---> Starting run: seed=1 (2/16)
Results will be saved
EvaluationTracker initialized with output directory
PipelineParameters set
Pipeline initialized
|     Task      |Version|     Metric     |Value|   |Stderr|
|---------------|------:|----------------|----:|---|-----:|
|all            |       |extractive_match|  0.4|±  | 0.091|
|custom:aime24:0|      1|extractive_match|  0.4|±  | 0.091|

Finished run for all seeds

---> Starting run: seed=2 (3/16)
Results will be saved
EvaluationTracker initialized with output directory
PipelineParameters set
Pipeline initialized
|     Task      |Version|     Metric     |Value|   |Stderr|
|---------------|------:|----------------|----:|---|-----:|
|all            |       |extractive_match|  0.4|±  | 0.091|
|custom:aime24:0|      1|extractive_match|  0.4|±  | 0.091|

Finished run for all seeds

---> Starting run: seed=3 (4/16)
Results will be saved
EvaluationTracker initialized with output directory
PipelineParameters set
Pipeline initialized
|     Task      |Version|     Metric     |Value|   |Stderr|
|---------------|------:|----------------|----:|---|-----:|
|all            |       |extractive_match|  0.4|±  | 0.091|
|custom:aime24:0|      1|extractive_match|  0.4|±  | 0.091|

Finished run for all seeds

---> Starting run: seed=4 (5/16)
Results will be saved
EvaluationTracker initialized with output directory
PipelineParameters set
Pipeline initialized
|     Task      |Version|     Metric     |Value|   |Stderr|
|---------------|------:|----------------|----:|---|-----:|
|all            |       |extractive_match|  0.4|±  | 0.091|
|custom:aime24:0|      1|extractive_match|  0.4|±  | 0.091|

Finished run for all seeds

---> Starting run: seed=5 (6/16)
Results will be saved
EvaluationTracker initialized with output directory
PipelineParameters set
Pipeline initialized
|     Task      |Version|     Metric     |Value|   |Stderr|
|---------------|------:|----------------|----:|---|-----:|
|all            |       |extractive_match|  0.4|±  | 0.091|
|custom:aime24:0|      1|extractive_match|  0.4|±  | 0.091|

Finished run for all seeds

---> Starting run: seed=6 (7/16)
Results will be saved
EvaluationTracker initialized with output directory
PipelineParameters set
Pipeline initialized
|     Task      |Version|     Metric     |Value|   |Stderr|
|---------------|------:|----------------|----:|---|-----:|
|all            |       |extractive_match|  0.4|±  | 0.091|
|custom:aime24:0|      1|extractive_match|  0.4|±  | 0.091|

Finished run for all seeds

---> Starting run: seed=7 (8/16)
Results will be saved
EvaluationTracker initialized with output directory
PipelineParameters set
Pipeline initialized
|     Task      |Version|     Metric     |Value|   |Stderr|
|---------------|------:|----------------|----:|---|-----:|
|all            |       |extractive_match|  0.4|±  | 0.091|
|custom:aime24:0|      1|extractive_match|  0.4|±  | 0.091|

Finished run for all seeds

---> Starting run: seed=8 (9/16)
Results will be saved
EvaluationTracker initialized with output directory
PipelineParameters set
Pipeline initialized
|     Task      |Version|     Metric     |Value|   |Stderr|
|---------------|------:|----------------|----:|---|-----:|
|all            |       |extractive_match|  0.4|±  | 0.091|
|custom:aime24:0|      1|extractive_match|  0.4|±  | 0.091|

Finished run for all seeds

---> Starting run: seed=9 (10/16)
Results will be saved
EvaluationTracker initialized with output directory
PipelineParameters set
Pipeline initialized
|     Task      |Version|     Metric     |Value|   |Stderr|
|---------------|------:|----------------|----:|---|-----:|
|all            |       |extractive_match|  0.4|±  | 0.091|
|custom:aime24:0|      1|extractive_match|  0.4|±  | 0.091|

Finished run for all seeds

---> Starting run: seed=10 (11/16)
Results will be saved
EvaluationTracker initialized with output directory
PipelineParameters set
Pipeline initialized
|     Task      |Version|     Metric     |Value|   |Stderr|
|---------------|------:|----------------|----:|---|-----:|
|all            |       |extractive_match|  0.4|±  | 0.091|
|custom:aime24:0|      1|extractive_match|  0.4|±  | 0.091|

Finished run for all seeds

---> Starting run: seed=11 (12/16)
Results will be saved
EvaluationTracker initialized with output directory
PipelineParameters set
Pipeline initialized
|     Task      |Version|     Metric     |Value|   |Stderr|
|---------------|------:|----------------|----:|---|-----:|
|all            |       |extractive_match|  0.4|±  | 0.091|
|custom:aime24:0|      1|extractive_match|  0.4|±  | 0.091|

Finished run for all seeds

---> Starting run: seed=12 (13/16)
Results will be saved
EvaluationTracker initialized with output directory
PipelineParameters set
Pipeline initialized
|     Task      |Version|     Metric     |Value|   |Stderr|
|---------------|------:|----------------|----:|---|-----:|
|all            |       |extractive_match|  0.4|±  | 0.091|
|custom:aime24:0|      1|extractive_match|  0.4|±  | 0.091|

Finished run for all seeds

---> Starting run: seed=13 (14/16)
Results will be saved
EvaluationTracker initialized with output directory
PipelineParameters set
Pipeline initialized
|     Task      |Version|     Metric     |Value|   |Stderr|
|---------------|------:|----------------|----:|---|-----:|
|all            |       |extractive_match|  0.4|±  | 0.091|
|custom:aime24:0|      1|extractive_match|  0.4|±  | 0.091|

Finished run for all seeds

---> Starting run: seed=14 (15/16)
Results will be saved
EvaluationTracker initialized with output directory
PipelineParameters set
Pipeline initialized
|     Task      |Version|     Metric     |Value|   |Stderr|
|---------------|------:|----------------|----:|---|-----:|
|all            |       |extractive_match|  0.4|±  | 0.091|
|custom:aime24:0|      1|extractive_match|  0.4|±  | 0.091|

Finished run for all seeds

---> Starting run: seed=15 (16/16)
Results will be saved
EvaluationTracker initialized with output directory
PipelineParameters set
Pipeline initialized
|     Task      |Version|     Metric     |Value|   |Stderr|
|---------------|------:|----------------|----:|---|-----:|
|all            |       |extractive_match|  0.4|±  | 0.091|
|custom:aime24:0|      1|extractive_match|  0.4|±  | 0.091|

Finished run for all seeds
Running evaluation for task: custom|aime25|0|0, temperature: 0.0, top_p: 0.95, num_seeds: 16

---> Starting run: seed=0 (1/16)
Results will be saved
EvaluationTracker initialized with output directory
PipelineParameters set
Pipeline initialized
|     Task      |Version|     Metric     |Value |   |Stderr|
|---------------|------:|----------------|-----:|---|-----:|
|all            |       |extractive_match|0.3667|±  |0.0895|
|custom:aime25:0|      1|extractive_match|0.3667|±  |0.0895|

Finished run for all seeds

---> Starting run: seed=1 (2/16)
Results will be saved
EvaluationTracker initialized with output directory
PipelineParameters set
Pipeline initialized
|     Task      |Version|     Metric     |Value |   |Stderr|
|---------------|------:|----------------|-----:|---|-----:|
|all            |       |extractive_match|0.3667|±  |0.0895|
|custom:aime25:0|      1|extractive_match|0.3667|±  |0.0895|

Finished run for all seeds

---> Starting run: seed=2 (3/16)
Results will be saved
EvaluationTracker initialized with output directory
PipelineParameters set
Pipeline initialized
|     Task      |Version|     Metric     |Value|   |Stderr|
|---------------|------:|----------------|----:|---|-----:|
|all            |       |extractive_match|  0.3|±  |0.0851|
|custom:aime25:0|      1|extractive_match|  0.3|±  |0.0851|

Finished run for all seeds

---> Starting run: seed=3 (4/16)
Results will be saved
EvaluationTracker initialized with output directory
PipelineParameters set
Pipeline initialized
|     Task      |Version|     Metric     |Value |   |Stderr|
|---------------|------:|----------------|-----:|---|-----:|
|all            |       |extractive_match|0.3667|±  |0.0895|
|custom:aime25:0|      1|extractive_match|0.3667|±  |0.0895|

Finished run for all seeds

---> Starting run: seed=4 (5/16)
Results will be saved
EvaluationTracker initialized with output directory
PipelineParameters set
Pipeline initialized
|     Task      |Version|     Metric     |Value |   |Stderr|
|---------------|------:|----------------|-----:|---|-----:|
|all            |       |extractive_match|0.3667|±  |0.0895|
|custom:aime25:0|      1|extractive_match|0.3667|±  |0.0895|

Finished run for all seeds

---> Starting run: seed=5 (6/16)
Results will be saved
EvaluationTracker initialized with output directory
PipelineParameters set
Pipeline initialized
|     Task      |Version|     Metric     |Value |   |Stderr|
|---------------|------:|----------------|-----:|---|-----:|
|all            |       |extractive_match|0.3667|±  |0.0895|
|custom:aime25:0|      1|extractive_match|0.3667|±  |0.0895|

Finished run for all seeds

---> Starting run: seed=6 (7/16)
Results will be saved
EvaluationTracker initialized with output directory
PipelineParameters set
Pipeline initialized
|     Task      |Version|     Metric     |Value|   |Stderr|
|---------------|------:|----------------|----:|---|-----:|
|all            |       |extractive_match|  0.2|±  |0.0743|
|custom:aime25:0|      1|extractive_match|  0.2|±  |0.0743|

Finished run for all seeds

---> Starting run: seed=7 (8/16)
Results will be saved
EvaluationTracker initialized with output directory
PipelineParameters set
Pipeline initialized
|     Task      |Version|     Metric     |Value|   |Stderr|
|---------------|------:|----------------|----:|---|-----:|
|all            |       |extractive_match|  0.3|±  |0.0851|
|custom:aime25:0|      1|extractive_match|  0.3|±  |0.0851|

Finished run for all seeds

---> Starting run: seed=8 (9/16)
Results will be saved
EvaluationTracker initialized with output directory
PipelineParameters set
Pipeline initialized
|     Task      |Version|     Metric     |Value |   |Stderr|
|---------------|------:|----------------|-----:|---|-----:|
|all            |       |extractive_match|0.3333|±  |0.0875|
|custom:aime25:0|      1|extractive_match|0.3333|±  |0.0875|

Finished run for all seeds

---> Starting run: seed=9 (10/16)
Results will be saved
EvaluationTracker initialized with output directory
PipelineParameters set
Pipeline initialized
|     Task      |Version|     Metric     |Value|   |Stderr|
|---------------|------:|----------------|----:|---|-----:|
|all            |       |extractive_match|  0.3|±  |0.0851|
|custom:aime25:0|      1|extractive_match|  0.3|±  |0.0851|

Finished run for all seeds

---> Starting run: seed=10 (11/16)
Results will be saved
EvaluationTracker initialized with output directory
PipelineParameters set
Pipeline initialized
|     Task      |Version|     Metric     |Value|   |Stderr|
|---------------|------:|----------------|----:|---|-----:|
|all            |       |extractive_match|  0.2|±  |0.0743|
|custom:aime25:0|      1|extractive_match|  0.2|±  |0.0743|

Finished run for all seeds

---> Starting run: seed=11 (12/16)
Results will be saved
EvaluationTracker initialized with output directory
PipelineParameters set
Pipeline initialized
|     Task      |Version|     Metric     |Value |   |Stderr|
|---------------|------:|----------------|-----:|---|-----:|
|all            |       |extractive_match|0.3667|±  |0.0895|
|custom:aime25:0|      1|extractive_match|0.3667|±  |0.0895|

Finished run for all seeds

---> Starting run: seed=12 (13/16)
Results will be saved
EvaluationTracker initialized with output directory
PipelineParameters set
Pipeline initialized
|     Task      |Version|     Metric     |Value |   |Stderr|
|---------------|------:|----------------|-----:|---|-----:|
|all            |       |extractive_match|0.3333|±  |0.0875|
|custom:aime25:0|      1|extractive_match|0.3333|±  |0.0875|

Finished run for all seeds

---> Starting run: seed=13 (14/16)
Results will be saved
EvaluationTracker initialized with output directory
PipelineParameters set
Pipeline initialized
|     Task      |Version|     Metric     |Value |   |Stderr|
|---------------|------:|----------------|-----:|---|-----:|
|all            |       |extractive_match|0.3667|±  |0.0895|
|custom:aime25:0|      1|extractive_match|0.3667|±  |0.0895|

Finished run for all seeds

---> Starting run: seed=14 (15/16)
Results will be saved
EvaluationTracker initialized with output directory
PipelineParameters set
Pipeline initialized
|     Task      |Version|     Metric     |Value |   |Stderr|
|---------------|------:|----------------|-----:|---|-----:|
|all            |       |extractive_match|0.3667|±  |0.0895|
|custom:aime25:0|      1|extractive_match|0.3667|±  |0.0895|

Finished run for all seeds

---> Starting run: seed=15 (16/16)
Results will be saved
EvaluationTracker initialized with output directory
PipelineParameters set
Pipeline initialized
|     Task      |Version|     Metric     |Value |   |Stderr|
|---------------|------:|----------------|-----:|---|-----:|
|all            |       |extractive_match|0.3667|±  |0.0895|
|custom:aime25:0|      1|extractive_match|0.3667|±  |0.0895|

Finished run for all seeds
Running evaluation for task: custom|amc23|0|0, temperature: 0.0, top_p: 0.95, num_seeds: 16

---> Starting run: seed=0 (1/16)
Results will be saved
EvaluationTracker initialized with output directory
PipelineParameters set
Pipeline initialized
|     Task     |Version|     Metric     |Value|   |Stderr|
|--------------|------:|----------------|----:|---|-----:|
|all           |       |extractive_match|0.825|±  |0.0608|
|custom:amc23:0|      1|extractive_match|0.825|±  |0.0608|

Finished run for all seeds

---> Starting run: seed=1 (2/16)
Results will be saved
EvaluationTracker initialized with output directory
PipelineParameters set
Pipeline initialized
|     Task     |Version|     Metric     |Value|   |Stderr|
|--------------|------:|----------------|----:|---|-----:|
|all           |       |extractive_match|0.725|±  |0.0715|
|custom:amc23:0|      1|extractive_match|0.725|±  |0.0715|

Finished run for all seeds

---> Starting run: seed=2 (3/16)
Results will be saved
EvaluationTracker initialized with output directory
PipelineParameters set
Pipeline initialized
|     Task     |Version|     Metric     |Value|   |Stderr|
|--------------|------:|----------------|----:|---|-----:|
|all           |       |extractive_match|0.825|±  |0.0608|
|custom:amc23:0|      1|extractive_match|0.825|±  |0.0608|

Finished run for all seeds

---> Starting run: seed=3 (4/16)
Results will be saved
EvaluationTracker initialized with output directory
PipelineParameters set
Pipeline initialized
|     Task     |Version|     Metric     |Value|   |Stderr|
|--------------|------:|----------------|----:|---|-----:|
|all           |       |extractive_match| 0.85|±  |0.0572|
|custom:amc23:0|      1|extractive_match| 0.85|±  |0.0572|

Finished run for all seeds

---> Starting run: seed=4 (5/16)
Results will be saved
EvaluationTracker initialized with output directory
PipelineParameters set
Pipeline initialized
|     Task     |Version|     Metric     |Value|   |Stderr|
|--------------|------:|----------------|----:|---|-----:|
|all           |       |extractive_match|0.825|±  |0.0608|
|custom:amc23:0|      1|extractive_match|0.825|±  |0.0608|

Finished run for all seeds

---> Starting run: seed=5 (6/16)
Results will be saved
EvaluationTracker initialized with output directory
PipelineParameters set
Pipeline initialized
|     Task     |Version|     Metric     |Value|   |Stderr|
|--------------|------:|----------------|----:|---|-----:|
|all           |       |extractive_match|  0.7|±  |0.0734|
|custom:amc23:0|      1|extractive_match|  0.7|±  |0.0734|

Finished run for all seeds

---> Starting run: seed=6 (7/16)
Results will be saved
EvaluationTracker initialized with output directory
PipelineParameters set
Pipeline initialized
|     Task     |Version|     Metric     |Value|   |Stderr|
|--------------|------:|----------------|----:|---|-----:|
|all           |       |extractive_match|0.825|±  |0.0608|
|custom:amc23:0|      1|extractive_match|0.825|±  |0.0608|

Finished run for all seeds

---> Starting run: seed=7 (8/16)
Results will be saved
EvaluationTracker initialized with output directory
PipelineParameters set
Pipeline initialized
|     Task     |Version|     Metric     |Value|   |Stderr|
|--------------|------:|----------------|----:|---|-----:|
|all           |       |extractive_match| 0.85|±  |0.0572|
|custom:amc23:0|      1|extractive_match| 0.85|±  |0.0572|

Finished run for all seeds

---> Starting run: seed=8 (9/16)
Results will be saved
EvaluationTracker initialized with output directory
PipelineParameters set
Pipeline initialized
|     Task     |Version|     Metric     |Value|   |Stderr|
|--------------|------:|----------------|----:|---|-----:|
|all           |       |extractive_match| 0.85|±  |0.0572|
|custom:amc23:0|      1|extractive_match| 0.85|±  |0.0572|

Finished run for all seeds

---> Starting run: seed=9 (10/16)
Results will be saved
EvaluationTracker initialized with output directory
PipelineParameters set
Pipeline initialized
|     Task     |Version|     Metric     |Value|   |Stderr|
|--------------|------:|----------------|----:|---|-----:|
|all           |       |extractive_match|  0.8|±  |0.0641|
|custom:amc23:0|      1|extractive_match|  0.8|±  |0.0641|

Finished run for all seeds

---> Starting run: seed=10 (11/16)
Results will be saved
EvaluationTracker initialized with output directory
PipelineParameters set
Pipeline initialized
|     Task     |Version|     Metric     |Value|   |Stderr|
|--------------|------:|----------------|----:|---|-----:|
|all           |       |extractive_match|0.775|±  |0.0669|
|custom:amc23:0|      1|extractive_match|0.775|±  |0.0669|

Finished run for all seeds

---> Starting run: seed=11 (12/16)
Results will be saved
EvaluationTracker initialized with output directory
PipelineParameters set
Pipeline initialized
|     Task     |Version|     Metric     |Value|   |Stderr|
|--------------|------:|----------------|----:|---|-----:|
|all           |       |extractive_match|0.825|±  |0.0608|
|custom:amc23:0|      1|extractive_match|0.825|±  |0.0608|

Finished run for all seeds

---> Starting run: seed=12 (13/16)
Results will be saved
EvaluationTracker initialized with output directory
PipelineParameters set
Pipeline initialized
|     Task     |Version|     Metric     |Value|   |Stderr|
|--------------|------:|----------------|----:|---|-----:|
|all           |       |extractive_match|  0.9|±  | 0.048|
|custom:amc23:0|      1|extractive_match|  0.9|±  | 0.048|

Finished run for all seeds

---> Starting run: seed=13 (14/16)
Results will be saved
EvaluationTracker initialized with output directory
PipelineParameters set
Pipeline initialized
|     Task     |Version|     Metric     |Value|   |Stderr|
|--------------|------:|----------------|----:|---|-----:|
|all           |       |extractive_match|  0.8|±  |0.0641|
|custom:amc23:0|      1|extractive_match|  0.8|±  |0.0641|

Finished run for all seeds

---> Starting run: seed=14 (15/16)
Results will be saved
EvaluationTracker initialized with output directory
PipelineParameters set
Pipeline initialized
|     Task     |Version|     Metric     |Value|   |Stderr|
|--------------|------:|----------------|----:|---|-----:|
|all           |       |extractive_match| 0.85|±  |0.0572|
|custom:amc23:0|      1|extractive_match| 0.85|±  |0.0572|

Finished run for all seeds

---> Starting run: seed=15 (16/16)
Results will be saved
EvaluationTracker initialized with output directory
PipelineParameters set
Pipeline initialized
|     Task     |Version|     Metric     |Value|   |Stderr|
|--------------|------:|----------------|----:|---|-----:|
|all           |       |extractive_match| 0.75|±  |0.0693|
|custom:amc23:0|      1|extractive_match| 0.75|±  |0.0693|

Finished run for all seeds
Running evaluation for task: custom|math_500|0|0, temperature: 0.0, top_p: 0.95, num_seeds: 3

---> Starting run: seed=0 (1/3)
Results will be saved
EvaluationTracker initialized with output directory
PipelineParameters set
Pipeline initialized
|      Task       |Version|     Metric     |Value|   |Stderr|
|-----------------|------:|----------------|----:|---|-----:|
|all              |       |extractive_match|0.906|±  |0.0131|
|custom:math_500:0|      1|extractive_match|0.906|±  |0.0131|

Finished run for all seeds

---> Starting run: seed=1 (2/3)
Results will be saved
EvaluationTracker initialized with output directory
PipelineParameters set
Pipeline initialized
|      Task       |Version|     Metric     |Value|   |Stderr|
|-----------------|------:|----------------|----:|---|-----:|
|all              |       |extractive_match|0.912|±  |0.0127|
|custom:math_500:0|      1|extractive_match|0.912|±  |0.0127|

Finished run for all seeds

---> Starting run: seed=2 (3/3)
Results will be saved
EvaluationTracker initialized with output directory
PipelineParameters set
Pipeline initialized
|      Task       |Version|     Metric     |Value|   |Stderr|
|-----------------|------:|----------------|----:|---|-----:|
|all              |       |extractive_match|0.884|±  |0.0143|
|custom:math_500:0|      1|extractive_match|0.884|±  |0.0143|

Finished run for all seeds
Running evaluation for task: custom|minerva|0|0, temperature: 0.0, top_p: 0.95, num_seeds: 3

---> Starting run: seed=0 (1/3)
Results will be saved
EvaluationTracker initialized with output directory
PipelineParameters set
Pipeline initialized
|      Task      |Version|     Metric     |Value|   |Stderr|
|----------------|------:|----------------|----:|---|-----:|
|all             |       |extractive_match|0.375|±  |0.0294|
|custom:minerva:0|      1|extractive_match|0.375|±  |0.0294|

Finished run for all seeds

---> Starting run: seed=1 (2/3)
Results will be saved
EvaluationTracker initialized with output directory
PipelineParameters set
Pipeline initialized
|      Task      |Version|     Metric     |Value |   |Stderr|
|----------------|------:|----------------|-----:|---|-----:|
|all             |       |extractive_match|0.3787|±  |0.0295|
|custom:minerva:0|      1|extractive_match|0.3787|±  |0.0295|

Finished run for all seeds

---> Starting run: seed=2 (3/3)
Results will be saved
EvaluationTracker initialized with output directory
PipelineParameters set
Pipeline initialized
|      Task      |Version|     Metric     |Value|   |Stderr|
|----------------|------:|----------------|----:|---|-----:|
|all             |       |extractive_match|0.364|±  |0.0292|
|custom:minerva:0|      1|extractive_match|0.364|±  |0.0292|

Finished run for all seeds
Running evaluation for task: custom|olympiadbench|0|0, temperature: 0.0, top_p: 0.95, num_seeds: 3

---> Starting run: seed=0 (1/3)
Results will be saved
EvaluationTracker initialized with output directory
PipelineParameters set
Pipeline initialized
|         Task         |Version|     Metric     |Value |   |Stderr|
|----------------------|------:|----------------|-----:|---|-----:|
|all                   |       |extractive_match|0.6044|±  |0.0188|
|custom:olympiadbench:0|      1|extractive_match|0.6044|±  |0.0188|

Finished run for all seeds

---> Starting run: seed=1 (2/3)
Results will be saved
EvaluationTracker initialized with output directory
PipelineParameters set
Pipeline initialized
|         Task         |Version|     Metric     |Value |   |Stderr|
|----------------------|------:|----------------|-----:|---|-----:|
|all                   |       |extractive_match|0.6193|±  |0.0187|
|custom:olympiadbench:0|      1|extractive_match|0.6193|±  |0.0187|

Finished run for all seeds

---> Starting run: seed=2 (3/3)
Results will be saved
EvaluationTracker initialized with output directory
PipelineParameters set
Pipeline initialized
